D:/A New RM/2027_HeroProject/Hero_2027/User_Files/2_Device/BSP/WS2812/bsp_ws2812.h:140:13:void Class_WS2812::Set_RGB(const uint8_t&, const uint8_t&, const uint8_t&)	24	static
D:/A New RM/2027_HeroProject/Hero_2027/User_Files/2_Device/BSP/Power/bsp_power.h:90:13:void Class_Power::Set_DC24_0(const bool&)	16	static
D:/A New RM/2027_HeroProject/Hero_2027/User_Files/2_Device/BSP/Power/bsp_power.h:100:13:void Class_Power::Set_DC24_1(const bool&)	16	static
D:/A New RM/2027_HeroProject/Hero_2027/User_Files/2_Device/BSP/Power/bsp_power.h:110:13:void Class_Power::Set_DC5(const bool&)	16	static
D:/A New RM/2027_HeroProject/Hero_2027/User_Files/2_Device/BSP/Power/bsp_power.h:122:13:void Class_Power::Set_Power(const bool&, const bool&, const bool&)	24	static
D:/A New RM/2027_HeroProject/Hero_2027/User_Files/2_Device/BSP/Key/bsp_key.h:89:28:Enum_BSP_Key_Status Class_Key::Get_Key_Status() const	16	static
D:/A New RM/2027_HeroProject/Hero_2027/User_Files/2_Device/Motor/Motor_DJI/drv_motor_dji.h:934:14:float Class_Motor_DJI_C620::Get_Now_Filtered_Omega() const	16	static
D:/A New RM/2027_HeroProject/Hero_2027/User_Files/2_Device/Motor/Motor_DJI/drv_motor_dji.h:1054:13:void Class_Motor_DJI_C620::Set_Target_Omega(const float&)	16	static
D:/A New RM/2027_HeroProject/Hero_2027/User_Files/2_Device/Motor/Motor_DJI/drv_motor_dji.h:1064:13:void Class_Motor_DJI_C620::Set_Target_Torque(const float&)	16	static
D:/A New RM/2027_HeroProject/Hero_2027/User_Files/2_Device/Motor/Motor_DM/drv_motor_dm.h:548:14:float Class_Motor_DM_Normal::Get_Now_Angle() const	16	static
D:/A New RM/2027_HeroProject/Hero_2027/User_Files/2_Device/Motor/Motor_DM/drv_motor_dm.h:678:13:void Class_Motor_DM_Normal::Set_Target_Angle(const float&)	16	static
D:/A New RM/2027_HeroProject/Hero_2027/User_Files/3_App/Chassis_Control/chassis_control.h:129:15:float* Class_Chassis_Control::Get_Motor_Target_Torque()	16	static
D:/A New RM/2027_HeroProject/Hero_2027/User_Files/3_App/Chassis_Control/chassis_control.h:139:15:float* Class_Chassis_Control::Get_Motor_Target_Omega()	16	static
D:/A New RM/2027_HeroProject/Hero_2027/User_Files/3_App/Chassis_Control/Steer_Chassis/steer_control.h:70:14:float Steer_Chassis_Control::Get_Chassis_Now_Velocity_X() const	16	static
D:/A New RM/2027_HeroProject/Hero_2027/User_Files/3_App/Chassis_Control/Steer_Chassis/steer_control.h:75:14:float Steer_Chassis_Control::Get_Chassis_Now_Velocity_Y() const	16	static
D:/A New RM/2027_HeroProject/Hero_2027/User_Files/3_App/Chassis_Control/Steer_Chassis/steer_control.h:80:14:float Steer_Chassis_Control::Get_Chassis_Now_Velocity_W() const	16	static
D:/A New RM/2027_HeroProject/Hero_2027/User_Files/3_App/Chassis_Control/Steer_Chassis/steer_control.h:85:21:const float* Steer_Chassis_Control::Get_Steer_Target_Angle() const	16	static
D:/A New RM/2027_HeroProject/Hero_2027/User_Files/1_Middleware/Algorithm/Filter/Frequency/alg_filter_frequency.h:43:7:Class_Filter_Frequency<>::Class_Filter_Frequency()	16	static
D:/A New RM/2027_HeroProject/Hero_2027/User_Files/1_Middleware/Algorithm/Filter/Frequency/alg_filter_frequency.h:43:7:Class_Filter_Frequency<12>::Class_Filter_Frequency()	16	static
D:/A New RM/2027_HeroProject/Hero_2027/User_Files/2_Device/Motor/Motor_DJI/drv_motor_dji.h:380:7:Class_Motor_DJI_C620::Class_Motor_DJI_C620()	16	static
D:/A New RM/2027_HeroProject/Hero_2027/User_Files/1_Middleware/Algorithm/Filter/Frequency/alg_filter_frequency.h:43:7:Class_Filter_Frequency<10>::Class_Filter_Frequency()	16	static
D:/A New RM/2027_HeroProject/Hero_2027/User_Files/2_Device/Motor/Motor_DM/drv_motor_dm.h:195:7:Class_Motor_DM_Normal::Class_Motor_DM_Normal()	16	static
D:/A New RM/2027_HeroProject/Hero_2027/User_Files/3_App/Task/Chassis_Task/Chassis_Task.cpp:69:6:void CAN1_Callback(FDCAN_RxHeaderTypeDef&, uint8_t*)	16	static
D:/A New RM/2027_HeroProject/Hero_2027/User_Files/3_App/Task/Chassis_Task/Chassis_Task.cpp:106:6:void CAN2_Callback(FDCAN_RxHeaderTypeDef&, uint8_t*)	16	static
D:/A New RM/2027_HeroProject/Hero_2027/User_Files/3_App/Task/Chassis_Task/Chassis_Task.cpp:137:6:void CAN3_Callback(FDCAN_RxHeaderTypeDef&, uint8_t*)	16	static
D:/A New RM/2027_HeroProject/Hero_2027/User_Files/3_App/Task/Chassis_Task/Chassis_Task.cpp:145:6:void Task3600s_Callback()	8	static
D:/A New RM/2027_HeroProject/Hero_2027/User_Files/3_App/Task/Chassis_Task/Chassis_Task.cpp:154:6:void Task500ms_Callback()	8	static
D:/A New RM/2027_HeroProject/Hero_2027/User_Files/3_App/Task/Chassis_Task/Chassis_Task.cpp:163:6:void Task100ms_Callback()	8	static
D:/A New RM/2027_HeroProject/Hero_2027/User_Files/3_App/Task/Chassis_Task/Chassis_Task.cpp:175:6:void Task1ms_Chassis_Calculate_Callback()	8	static
D:/A New RM/2027_HeroProject/Hero_2027/User_Files/3_App/Task/Chassis_Task/Chassis_Task.cpp:185:6:void Task1ms_Callback()	16	static
D:/A New RM/2027_HeroProject/Hero_2027/User_Files/3_App/Task/Chassis_Task/Chassis_Task.cpp:249:6:void Task_Init()	56	static
D:/A New RM/2027_HeroProject/Hero_2027/User_Files/3_App/Task/Chassis_Task/Chassis_Task.cpp:314:6:void Task_Loop()	16	static
D:/A New RM/2027_HeroProject/Hero_2027/User_Files/3_App/Task/Chassis_Task/Chassis_Task.cpp:323:6:void Motor_Init()	184	static
D:/A New RM/2027_HeroProject/Hero_2027/User_Files/3_App/Task/Chassis_Task/Chassis_Task.cpp:349:6:void PID_Init_All()	8	static
D:/A New RM/2027_HeroProject/Hero_2027/User_Files/3_App/Task/Chassis_Task/Chassis_Task.cpp:378:6:void Filter_Init_All()	88	static
D:/A New RM/2027_HeroProject/Hero_2027/User_Files/3_App/Task/Chassis_Task/Chassis_Task.cpp:393:6:void Wave_Output()	16	static
D:/A New RM/2027_HeroProject/Hero_2027/User_Files/3_App/Task/Chassis_Task/Chassis_Task.cpp:419:6:void Chassis_Control_Task()	48	static
D:/A New RM/2027_HeroProject/Hero_2027/User_Files/3_App/Task/Chassis_Task/Chassis_Task.cpp:448:6:void Chassis_Task_Func(void*)	16	static
D:/A New RM/2027_HeroProject/Hero_2027/User_Files/1_Middleware/Algorithm/Filter/Frequency/alg_filter_frequency.h:114:6:void Class_Filter_Frequency<Filter_Frequency_Order>::Init(const float&, const float&, const Enum_Filter_Frequency_Type&, const float&, const float&, const float&) [with long unsigned int Filter_Frequency_Order = 12]	72	static
D:/A New RM/2027_HeroProject/Hero_2027/User_Files/1_Middleware/Algorithm/Filter/Frequency/alg_filter_frequency.h:114:6:void Class_Filter_Frequency<Filter_Frequency_Order>::Init(const float&, const float&, const Enum_Filter_Frequency_Type&, const float&, const float&, const float&) [with long unsigned int Filter_Frequency_Order = 10]	72	static
D:/A New RM/2027_HeroProject/Hero_2027/User_Files/3_App/Task/Chassis_Task/Chassis_Task.cpp:462:1:void __static_initialization_and_destruction_0()	16	static
D:/A New RM/2027_HeroProject/Hero_2027/User_Files/3_App/Task/Chassis_Task/Chassis_Task.cpp:462:1:cpp)	8	static
