D:/A New RM/2027_HeroProject/Hero_2027/User_Files/1_Middleware/Algorithm/Filter/Frequency/alg_filter_frequency.h:43:7:Class_Filter_Frequency<>::Class_Filter_Frequency()	16	static
D:/A New RM/2027_HeroProject/Hero_2027/User_Files/2_Device/Motor/Motor_DJI/drv_motor_dji.h:374:7:Class_Motor_DJI_C620::Class_Motor_DJI_C620()	16	static
D:/A New RM/2027_HeroProject/Hero_2027/User_Files/2_Device/Motor/Motor_DJI/drv_motor_dji.cpp:31:10:uint8_t* allocate_tx_data(const FDCAN_HandleTypeDef*, const Enum_Motor_DJI_ID&, const Enum_Motor_DJI_Motor_Type&)	32	static
D:/A New RM/2027_HeroProject/Hero_2027/User_Files/2_Device/Motor/Motor_DJI/drv_motor_dji.cpp:406:7:float power_calculate(float, float, float, float, float, float)	32	static
D:/A New RM/2027_HeroProject/Hero_2027/User_Files/2_Device/Motor/Motor_DJI/drv_motor_dji.cpp:420:6:void Class_Motor_DJI_GM6020::Init(const FDCAN_HandleTypeDef*, const Enum_Motor_DJI_ID&, const Enum_Motor_DJI_Control_Method&, const int32_t&, const float&)	32	static
D:/A New RM/2027_HeroProject/Hero_2027/User_Files/2_Device/Motor/Motor_DJI/drv_motor_dji.cpp:445:6:void Class_Motor_DJI_GM6020::CAN_RxCpltCallback()	16	static
D:/A New RM/2027_HeroProject/Hero_2027/User_Files/2_Device/Motor/Motor_DJI/drv_motor_dji.cpp:457:6:void Class_Motor_DJI_GM6020::TIM_100ms_Alive_PeriodElapsedCallback()	16	static
D:/A New RM/2027_HeroProject/Hero_2027/User_Files/2_Device/Motor/Motor_DJI/drv_motor_dji.cpp:479:6:void Class_Motor_DJI_GM6020::Data_Process()	32	static
D:/A New RM/2027_HeroProject/Hero_2027/User_Files/2_Device/Motor/Motor_DJI/drv_motor_dji.cpp:542:6:void Class_Motor_DJI_GM6020::PID_Cal()	16	static
D:/A New RM/2027_HeroProject/Hero_2027/User_Files/2_Device/Motor/Motor_DJI/drv_motor_dji.cpp:573:6:void Class_Motor_DJI_GM6020::TIM_Calculate_PeriodElapsedCallback()	16	static
D:/A New RM/2027_HeroProject/Hero_2027/User_Files/2_Device/Motor/Motor_DJI/drv_motor_dji.cpp:590:6:void Class_Motor_DJI_GM6020::Output()	16	static
D:/A New RM/2027_HeroProject/Hero_2027/User_Files/2_Device/Motor/Motor_DJI/drv_motor_dji.cpp:606:6:void Class_Motor_DJI_C610::Init(const FDCAN_HandleTypeDef*, const Enum_Motor_DJI_ID&, const Enum_Motor_DJI_Control_Method&, const float&)	32	static
D:/A New RM/2027_HeroProject/Hero_2027/User_Files/2_Device/Motor/Motor_DJI/drv_motor_dji.cpp:630:6:void Class_Motor_DJI_C610::CAN_RxCpltCallback()	16	static
D:/A New RM/2027_HeroProject/Hero_2027/User_Files/2_Device/Motor/Motor_DJI/drv_motor_dji.cpp:642:6:void Class_Motor_DJI_C610::TIM_100ms_Alive_PeriodElapsedCallback()	16	static
D:/A New RM/2027_HeroProject/Hero_2027/User_Files/2_Device/Motor/Motor_DJI/drv_motor_dji.cpp:664:6:void Class_Motor_DJI_C610::TIM_Calculate_PeriodElapsedCallback()	16	static
D:/A New RM/2027_HeroProject/Hero_2027/User_Files/2_Device/Motor/Motor_DJI/drv_motor_dji.cpp:681:6:void Class_Motor_DJI_C610::Data_Process()	32	static
D:/A New RM/2027_HeroProject/Hero_2027/User_Files/2_Device/Motor/Motor_DJI/drv_motor_dji.cpp:742:6:void Class_Motor_DJI_C610::PID_Cal()	16	static
D:/A New RM/2027_HeroProject/Hero_2027/User_Files/2_Device/Motor/Motor_DJI/drv_motor_dji.cpp:773:6:void Class_Motor_DJI_C610::Output()	16	static
D:/A New RM/2027_HeroProject/Hero_2027/User_Files/2_Device/Motor/Motor_DJI/drv_motor_dji.cpp:789:6:void Class_Motor_DJI_C620::Init(const FDCAN_HandleTypeDef*, const Enum_Motor_DJI_ID&, const Enum_Motor_DJI_Control_Method&, const float&)	32	static
D:/A New RM/2027_HeroProject/Hero_2027/User_Files/2_Device/Motor/Motor_DJI/drv_motor_dji.cpp:813:6:void Class_Motor_DJI_C620::CAN_RxCpltCallback()	16	static
D:/A New RM/2027_HeroProject/Hero_2027/User_Files/2_Device/Motor/Motor_DJI/drv_motor_dji.cpp:825:6:void Class_Motor_DJI_C620::TIM_100ms_Alive_PeriodElapsedCallback()	16	static
D:/A New RM/2027_HeroProject/Hero_2027/User_Files/2_Device/Motor/Motor_DJI/drv_motor_dji.cpp:847:6:void Class_Motor_DJI_C620::TIM_Calculate_PeriodElapsedCallback()	16	static
D:/A New RM/2027_HeroProject/Hero_2027/User_Files/2_Device/Motor/Motor_DJI/drv_motor_dji.cpp:864:6:void Class_Motor_DJI_C620::Data_Process()	32	static
D:/A New RM/2027_HeroProject/Hero_2027/User_Files/2_Device/Motor/Motor_DJI/drv_motor_dji.cpp:926:6:void Class_Motor_DJI_C620::PID_Cal()	16	static
D:/A New RM/2027_HeroProject/Hero_2027/User_Files/2_Device/Motor/Motor_DJI/drv_motor_dji.cpp:963:6:void Class_Motor_DJI_C620::Output()	16	static
D:/A New RM/2027_HeroProject/Hero_2027/User_Files/1_Middleware/Algorithm/Filter/Frequency/alg_filter_frequency.h:222:13:void Class_Filter_Frequency<Filter_Frequency_Order>::Set_Now(const float&) [with long unsigned int Filter_Frequency_Order = 50]	24	static
D:/A New RM/2027_HeroProject/Hero_2027/User_Files/1_Middleware/Algorithm/Filter/Frequency/alg_filter_frequency.h:194:6:void Class_Filter_Frequency<Filter_Frequency_Order>::TIM_Calculate_PeriodElapsedCallback() [with long unsigned int Filter_Frequency_Order = 50]	24	static
D:/A New RM/2027_HeroProject/Hero_2027/User_Files/1_Middleware/Algorithm/Filter/Frequency/alg_filter_frequency.h:211:14:float Class_Filter_Frequency<Filter_Frequency_Order>::Get_Out() const [with long unsigned int Filter_Frequency_Order = 50]	16	static
D:/A New RM/2027_HeroProject/Hero_2027/User_Files/1_Middleware/Algorithm/Basic/alg_basic.h:108:6:Type Basic_Math_Constrain(Type*, Type, Type) [with Type = float]	24	static
D:/A New RM/2027_HeroProject/Hero_2027/User_Files/1_Middleware/Algorithm/Basic/alg_basic.h:85:6:Type Basic_Math_Constrain(Type, Type, Type) [with Type = float]	24	static
D:/A New RM/2027_HeroProject/Hero_2027/User_Files/2_Device/Motor/Motor_DJI/drv_motor_dji.cpp:967:1:void __static_initialization_and_destruction_0()	16	static
D:/A New RM/2027_HeroProject/Hero_2027/User_Files/2_Device/Motor/Motor_DJI/drv_motor_dji.cpp:967:1:cpp)	8	static
