D:/A New RM/2027_HeroProject/Hero_2027/User_Files/2_Device/BSP/Power/bsp_power.h:29:7:Class_Power::Class_Power()	16	static
D:/A New RM/2027_HeroProject/Hero_2027/User_Files/2_Device/BSP/Power/bsp_power.cpp:35:6:void Class_Power::Init(const bool&, const bool&, const bool&)	24	static
D:/A New RM/2027_HeroProject/Hero_2027/User_Files/2_Device/BSP/Power/bsp_power.cpp:42:1:void __static_initialization_and_destruction_0()	8	static
D:/A New RM/2027_HeroProject/Hero_2027/User_Files/2_Device/BSP/Power/bsp_power.cpp:42:1:cpp)	8	static
