D:/A New RM/2027_HeroProject/Hero_2027/User_Files/2_Device/BSP/WS2812/bsp_ws2812.h:140:13:void Class_WS2812::Set_RGB(const uint8_t&, const uint8_t&, const uint8_t&)	24	static
D:/A New RM/2027_HeroProject/Hero_2027/User_Files/2_Device/BSP/Power/bsp_power.h:90:13:void Class_Power::Set_DC24_0(const bool&)	16	static
D:/A New RM/2027_HeroProject/Hero_2027/User_Files/2_Device/BSP/Power/bsp_power.h:100:13:void Class_Power::Set_DC24_1(const bool&)	16	static
D:/A New RM/2027_HeroProject/Hero_2027/User_Files/2_Device/BSP/Power/bsp_power.h:110:13:void Class_Power::Set_DC5(const bool&)	16	static
D:/A New RM/2027_HeroProject/Hero_2027/User_Files/2_Device/BSP/Power/bsp_power.h:122:13:void Class_Power::Set_Power(const bool&, const bool&, const bool&)	24	static
D:/A New RM/2027_HeroProject/Hero_2027/User_Files/3_App/Task/tsk_config_and_callback.cpp:56:6:void Task3600s_Callback()	8	static
D:/A New RM/2027_HeroProject/Hero_2027/User_Files/3_App/Task/tsk_config_and_callback.cpp:65:6:void Task1s_Callback()	4	static
D:/A New RM/2027_HeroProject/Hero_2027/User_Files/3_App/Task/tsk_config_and_callback.cpp:73:6:void Task1ms_Callback()	16	static
D:/A New RM/2027_HeroProject/Hero_2027/User_Files/3_App/Task/tsk_config_and_callback.cpp:160:6:void Task_Init()	16	static
D:/A New RM/2027_HeroProject/Hero_2027/User_Files/3_App/Task/tsk_config_and_callback.cpp:198:6:void Task_Loop()	16	static
