D:/A New RM/2027_HeroProject/Hero_2027/User_Files/2_Device/BSP/WS2812/bsp_ws2812.h:140:13:void Class_WS2812::Set_RGB(const uint8_t&, const uint8_t&, const uint8_t&)	24	static
D:/A New RM/2027_HeroProject/Hero_2027/User_Files/2_Device/BSP/Power/bsp_power.h:90:13:void Class_Power::Set_DC24_0(const bool&)	16	static
D:/A New RM/2027_HeroProject/Hero_2027/User_Files/2_Device/BSP/Power/bsp_power.h:100:13:void Class_Power::Set_DC24_1(const bool&)	16	static
D:/A New RM/2027_HeroProject/Hero_2027/User_Files/2_Device/BSP/Power/bsp_power.h:110:13:void Class_Power::Set_DC5(const bool&)	16	static
D:/A New RM/2027_HeroProject/Hero_2027/User_Files/2_Device/BSP/Power/bsp_power.h:122:13:void Class_Power::Set_Power(const bool&, const bool&, const bool&)	24	static
D:/A New RM/2027_HeroProject/Hero_2027/User_Files/2_Device/BSP/Key/bsp_key.h:89:28:Enum_BSP_Key_Status Class_Key::Get_Key_Status() const	16	static
D:/A New RM/2027_HeroProject/Hero_2027/User_Files/1_Middleware/Algorithm/Filter/Frequency/alg_filter_frequency.h:43:7:Class_Filter_Frequency<>::Class_Filter_Frequency()	16	static
D:/A New RM/2027_HeroProject/Hero_2027/User_Files/1_Middleware/Algorithm/Filter/Frequency/alg_filter_frequency.h:43:7:Class_Filter_Frequency<12>::Class_Filter_Frequency()	16	static
D:/A New RM/2027_HeroProject/Hero_2027/User_Files/2_Device/Motor/Motor_DJI/drv_motor_dji.h:374:7:Class_Motor_DJI_C620::Class_Motor_DJI_C620()	16	static
D:/A New RM/2027_HeroProject/Hero_2027/User_Files/2_Device/Motor/Motor_DM/drv_motor_dm.h:195:7:Class_Motor_DM_Normal::Class_Motor_DM_Normal()	16	static
D:/A New RM/2027_HeroProject/Hero_2027/User_Files/3_App/Task/tsk_config_and_callback.cpp:62:6:void CAN1_Callback(FDCAN_RxHeaderTypeDef&, uint8_t*)	16	static
D:/A New RM/2027_HeroProject/Hero_2027/User_Files/3_App/Task/tsk_config_and_callback.cpp:93:6:void CAN2_Callback(FDCAN_RxHeaderTypeDef&, uint8_t*)	16	static
D:/A New RM/2027_HeroProject/Hero_2027/User_Files/3_App/Task/tsk_config_and_callback.cpp:128:6:void Task3600s_Callback()	8	static
D:/A New RM/2027_HeroProject/Hero_2027/User_Files/3_App/Task/tsk_config_and_callback.cpp:137:6:void Task100ms_Callback()	8	static
D:/A New RM/2027_HeroProject/Hero_2027/User_Files/3_App/Task/tsk_config_and_callback.cpp:149:6:void Task1ms_Motor_Calculate_Callback()	8	static
D:/A New RM/2027_HeroProject/Hero_2027/User_Files/3_App/Task/tsk_config_and_callback.cpp:162:6:void Task1ms_Callback()	16	static
D:/A New RM/2027_HeroProject/Hero_2027/User_Files/3_App/Task/tsk_config_and_callback.cpp:261:6:void Task_Init()	24	static
D:/A New RM/2027_HeroProject/Hero_2027/User_Files/3_App/Task/tsk_config_and_callback.cpp:309:6:void Task_Loop()	16	static
D:/A New RM/2027_HeroProject/Hero_2027/User_Files/3_App/Task/tsk_config_and_callback.cpp:318:6:void Motor_Init()	88	static
D:/A New RM/2027_HeroProject/Hero_2027/User_Files/3_App/Task/tsk_config_and_callback.cpp:332:6:void PID_Init_All()	8	static
D:/A New RM/2027_HeroProject/Hero_2027/User_Files/3_App/Task/tsk_config_and_callback.cpp:345:6:void Filter_Init_All()	64	static
D:/A New RM/2027_HeroProject/Hero_2027/User_Files/3_App/Task/tsk_config_and_callback.cpp:357:6:void Wave_Output()	8	static
D:/A New RM/2027_HeroProject/Hero_2027/User_Files/1_Middleware/Algorithm/Filter/Frequency/alg_filter_frequency.h:114:6:void Class_Filter_Frequency<Filter_Frequency_Order>::Init(const float&, const float&, const Enum_Filter_Frequency_Type&, const float&, const float&, const float&) [with long unsigned int Filter_Frequency_Order = 12]	72	static
D:/A New RM/2027_HeroProject/Hero_2027/User_Files/3_App/Task/tsk_config_and_callback.cpp:373:1:void __static_initialization_and_destruction_0()	16	static
D:/A New RM/2027_HeroProject/Hero_2027/User_Files/3_App/Task/tsk_config_and_callback.cpp:373:1:cpp)	8	static
