/home/oyyp/code/2027_Hero/User_Files/1_Middleware/System/Timestamp/sys_timestamp.h:248:17:uint64_t Class_Timestamp::Get_Current_Timestamp() const	16	static
/home/oyyp/code/2027_Hero/User_Files/2_Device/BSP/W25Q64JV/bsp_w25q64jv.h:35:7:Class_W25Q64JV::Class_W25Q64JV()	24	static
/home/oyyp/code/2027_Hero/User_Files/2_Device/BSP/W25Q64JV/bsp_w25q64jv.cpp:33:6:void Class_W25Q64JV::Init(const Enum_W25Q64JV_Mode&)	32	static
/home/oyyp/code/2027_Hero/User_Files/2_Device/BSP/W25Q64JV/bsp_w25q64jv.cpp:66:6:void Class_W25Q64JV::OSPI_StatusMatchCallback()	16	static
/home/oyyp/code/2027_Hero/User_Files/2_Device/BSP/W25Q64JV/bsp_w25q64jv.cpp:87:6:void Class_W25Q64JV::OSPI_RxCallback()	16	static
/home/oyyp/code/2027_Hero/User_Files/2_Device/BSP/W25Q64JV/bsp_w25q64jv.cpp:97:6:void Class_W25Q64JV::OSPI_TxCallback()	16	static
/home/oyyp/code/2027_Hero/User_Files/2_Device/BSP/W25Q64JV/bsp_w25q64jv.cpp:107:6:void Class_W25Q64JV::TIM_1ms_AutoPollingTimeout_PeriodElapsedCallback()	24	static
/home/oyyp/code/2027_Hero/User_Files/2_Device/BSP/W25Q64JV/bsp_w25q64jv.cpp:120:6:void Class_W25Q64JV::Auto_Polling_With_Timeout()	48	static
/home/oyyp/code/2027_Hero/User_Files/2_Device/BSP/W25Q64JV/bsp_w25q64jv.cpp:131:1:void __static_initialization_and_destruction_0()	8	static
/home/oyyp/code/2027_Hero/User_Files/2_Device/BSP/W25Q64JV/bsp_w25q64jv.cpp:131:1:cpp)	8	static
