D:/A New RM/2027_HeroProject/Hero_2027/Core/Src/stm32h7xx_it.c:81:6:NMI_Handler	4	static
D:/A New RM/2027_HeroProject/Hero_2027/Core/Src/stm32h7xx_it.c:96:6:HardFault_Handler	4	static
D:/A New RM/2027_HeroProject/Hero_2027/Core/Src/stm32h7xx_it.c:111:6:MemManage_Handler	4	static
D:/A New RM/2027_HeroProject/Hero_2027/Core/Src/stm32h7xx_it.c:126:6:BusFault_Handler	4	static
D:/A New RM/2027_HeroProject/Hero_2027/Core/Src/stm32h7xx_it.c:141:6:UsageFault_Handler	4	static
D:/A New RM/2027_HeroProject/Hero_2027/Core/Src/stm32h7xx_it.c:156:6:DebugMon_Handler	4	static
D:/A New RM/2027_HeroProject/Hero_2027/Core/Src/stm32h7xx_it.c:176:6:DMA1_Stream2_IRQHandler	8	static
D:/A New RM/2027_HeroProject/Hero_2027/Core/Src/stm32h7xx_it.c:190:6:DMA1_Stream3_IRQHandler	8	static
D:/A New RM/2027_HeroProject/Hero_2027/Core/Src/stm32h7xx_it.c:204:6:FDCAN1_IT0_IRQHandler	8	static
D:/A New RM/2027_HeroProject/Hero_2027/Core/Src/stm32h7xx_it.c:218:6:FDCAN2_IT0_IRQHandler	8	static
D:/A New RM/2027_HeroProject/Hero_2027/Core/Src/stm32h7xx_it.c:232:6:FDCAN1_IT1_IRQHandler	8	static
D:/A New RM/2027_HeroProject/Hero_2027/Core/Src/stm32h7xx_it.c:246:6:FDCAN2_IT1_IRQHandler	8	static
D:/A New RM/2027_HeroProject/Hero_2027/Core/Src/stm32h7xx_it.c:260:6:TIM1_UP_IRQHandler	8	static
D:/A New RM/2027_HeroProject/Hero_2027/Core/Src/stm32h7xx_it.c:274:6:TIM5_IRQHandler	8	static
D:/A New RM/2027_HeroProject/Hero_2027/Core/Src/stm32h7xx_it.c:288:6:TIM7_IRQHandler	8	static
D:/A New RM/2027_HeroProject/Hero_2027/Core/Src/stm32h7xx_it.c:302:6:OTG_HS_IRQHandler	8	static
D:/A New RM/2027_HeroProject/Hero_2027/Core/Src/stm32h7xx_it.c:316:6:UART7_IRQHandler	8	static
D:/A New RM/2027_HeroProject/Hero_2027/Core/Src/stm32h7xx_it.c:330:6:MDMA_IRQHandler	8	static
D:/A New RM/2027_HeroProject/Hero_2027/Core/Src/stm32h7xx_it.c:344:6:OCTOSPI2_IRQHandler	8	static
D:/A New RM/2027_HeroProject/Hero_2027/Core/Src/stm32h7xx_it.c:358:6:FDCAN3_IT0_IRQHandler	8	static
D:/A New RM/2027_HeroProject/Hero_2027/Core/Src/stm32h7xx_it.c:372:6:FDCAN3_IT1_IRQHandler	8	static
