D:/A New RM/2027_HeroProject/Hero_2027/Core/Src/stm32h7xx_it.c:76:6:NMI_Handler	4	static
D:/A New RM/2027_HeroProject/Hero_2027/Core/Src/stm32h7xx_it.c:91:6:HardFault_Handler	4	static
D:/A New RM/2027_HeroProject/Hero_2027/Core/Src/stm32h7xx_it.c:106:6:MemManage_Handler	4	static
D:/A New RM/2027_HeroProject/Hero_2027/Core/Src/stm32h7xx_it.c:121:6:BusFault_Handler	4	static
D:/A New RM/2027_HeroProject/Hero_2027/Core/Src/stm32h7xx_it.c:136:6:UsageFault_Handler	4	static
D:/A New RM/2027_HeroProject/Hero_2027/Core/Src/stm32h7xx_it.c:151:6:DebugMon_Handler	4	static
D:/A New RM/2027_HeroProject/Hero_2027/Core/Src/stm32h7xx_it.c:171:6:FDCAN1_IT0_IRQHandler	8	static
D:/A New RM/2027_HeroProject/Hero_2027/Core/Src/stm32h7xx_it.c:185:6:FDCAN1_IT1_IRQHandler	8	static
D:/A New RM/2027_HeroProject/Hero_2027/Core/Src/stm32h7xx_it.c:199:6:TIM1_UP_IRQHandler	8	static
D:/A New RM/2027_HeroProject/Hero_2027/Core/Src/stm32h7xx_it.c:213:6:TIM5_IRQHandler	8	static
D:/A New RM/2027_HeroProject/Hero_2027/Core/Src/stm32h7xx_it.c:227:6:TIM7_IRQHandler	8	static
D:/A New RM/2027_HeroProject/Hero_2027/Core/Src/stm32h7xx_it.c:241:6:OTG_HS_IRQHandler	8	static
D:/A New RM/2027_HeroProject/Hero_2027/Core/Src/stm32h7xx_it.c:255:6:MDMA_IRQHandler	8	static
D:/A New RM/2027_HeroProject/Hero_2027/Core/Src/stm32h7xx_it.c:269:6:OCTOSPI2_IRQHandler	8	static
