D:/A New RM/2027_HeroProject/Hero_2027/User_Files/2_Device/BSP/Key/bsp_key.h:40:7:Class_Key::Class_Key()	16	static
D:/A New RM/2027_HeroProject/Hero_2027/User_Files/2_Device/BSP/Key/bsp_key.cpp:31:6:void Class_Key::Init()	16	static
D:/A New RM/2027_HeroProject/Hero_2027/User_Files/2_Device/BSP/Key/bsp_key.cpp:40:6:void Class_Key::TIM_1ms_Process_PeriodElapsedCallback()	16	static
D:/A New RM/2027_HeroProject/Hero_2027/User_Files/2_Device/BSP/Key/bsp_key.cpp:72:6:void Class_Key::TIM_50ms_Read_PeriodElapsedCallback()	16	static
D:/A New RM/2027_HeroProject/Hero_2027/User_Files/2_Device/BSP/Key/bsp_key.cpp:75:1:void __static_initialization_and_destruction_0()	8	static
D:/A New RM/2027_HeroProject/Hero_2027/User_Files/2_Device/BSP/Key/bsp_key.cpp:75:1:cpp)	8	static
