D:/A New RM/2027_HeroProject/Hero_2027/USB_DEVICE/App/usbd_cdc_if.c:154:15:CDC_Init_HS	8	static
D:/A New RM/2027_HeroProject/Hero_2027/USB_DEVICE/App/usbd_cdc_if.c:169:15:CDC_DeInit_HS	4	static
D:/A New RM/2027_HeroProject/Hero_2027/USB_DEVICE/App/usbd_cdc_if.c:183:15:CDC_Control_HS	16	static
D:/A New RM/2027_HeroProject/Hero_2027/USB_DEVICE/App/usbd_cdc_if.c:264:15:CDC_Receive_HS	16	static
D:/A New RM/2027_HeroProject/Hero_2027/USB_DEVICE/App/usbd_cdc_if.c:280:9:CDC_Transmit_HS	24	static
D:/A New RM/2027_HeroProject/Hero_2027/USB_DEVICE/App/usbd_cdc_if.c:306:15:CDC_TransmitCplt_HS	32	static
