D:/A New RM/2027_HeroProject/Hero_2027/User_Files/1_Middleware/Driver/CAN/drv_can.c:64:6:can_filter_mask_config	56	static
D:/A New RM/2027_HeroProject/Hero_2027/User_Files/1_Middleware/Driver/CAN/drv_can.c:90:6:CAN_Init	16	static
D:/A New RM/2027_HeroProject/Hero_2027/User_Files/1_Middleware/Driver/CAN/drv_can.c:122:9:CAN_Transmit_Data	64	static
D:/A New RM/2027_HeroProject/Hero_2027/User_Files/1_Middleware/Driver/CAN/drv_can.c:139:6:TIM_1ms_CAN_PeriodElapsedCallback	8	static
D:/A New RM/2027_HeroProject/Hero_2027/User_Files/1_Middleware/Driver/CAN/drv_can.c:161:6:HAL_FDCAN_RxFifo0Callback	16	static
D:/A New RM/2027_HeroProject/Hero_2027/User_Files/1_Middleware/Driver/CAN/drv_can.c:236:6:HAL_FDCAN_ErrorStatusCallback	16	static
