/home/oyyp/code/2027_Hero/User_Files/1_Middleware/System/Timestamp/sys_timestamp.h:248:17:uint64_t Class_Timestamp::Get_Current_Timestamp() const	16	static
/home/oyyp/code/2027_Hero/User_Files/1_Middleware/Driver/CAN/drv_can.cpp:76:6:void can_filter_mask_config(FDCAN_HandleTypeDef*)	56	static
/home/oyyp/code/2027_Hero/User_Files/1_Middleware/Driver/CAN/drv_can.cpp:102:6:void CAN_Init(FDCAN_HandleTypeDef*, CAN_Callback)	16	static
/home/oyyp/code/2027_Hero/User_Files/1_Middleware/Driver/CAN/drv_can.cpp:134:9:uint8_t CAN_Transmit_Data(FDCAN_HandleTypeDef*, uint16_t, uint8_t*, uint16_t)	64	static
/home/oyyp/code/2027_Hero/User_Files/1_Middleware/Driver/CAN/drv_can.cpp:155:6:void TIM_100us_CAN_PeriodElapsedCallback()	4	static
/home/oyyp/code/2027_Hero/User_Files/1_Middleware/Driver/CAN/drv_can.cpp:163:6:void TIM_1ms_CAN_PeriodElapsedCallback()	8	static
/home/oyyp/code/2027_Hero/User_Files/1_Middleware/Driver/CAN/drv_can.cpp:180:6:void HAL_FDCAN_RxFifo0Callback(FDCAN_HandleTypeDef*, uint32_t)	16	static
/home/oyyp/code/2027_Hero/User_Files/1_Middleware/Driver/CAN/drv_can.cpp:255:6:void HAL_FDCAN_ErrorStatusCallback(FDCAN_HandleTypeDef*, uint32_t)	16	static
