D:/A New RM/2027_HeroProject/Hero_2027/User_Files/1_Middleware/System/Timestamp/sys_timestamp.h:248:17:uint64_t Class_Timestamp::Get_Current_Timestamp() const	16	static
D:/A New RM/2027_HeroProject/Hero_2027/User_Files/1_Middleware/System/Timestamp/sys_timestamp.h:33:7:Class_Timestamp::Class_Timestamp()	16	static
D:/A New RM/2027_HeroProject/Hero_2027/User_Files/1_Middleware/System/Timestamp/sys_timestamp.cpp:38:6:void Class_Timestamp::Init(TIM_HandleTypeDef*)	16	static
D:/A New RM/2027_HeroProject/Hero_2027/User_Files/1_Middleware/System/Timestamp/sys_timestamp.cpp:47:6:void Class_Timestamp::TIM_3600s_PeriodElapsedCallback()	16	static
D:/A New RM/2027_HeroProject/Hero_2027/User_Files/1_Middleware/System/Timestamp/sys_timestamp.cpp:57:10:uint64_t Class_Timestamp::Calculate_Timestamp() const	56	static
D:/A New RM/2027_HeroProject/Hero_2027/User_Files/1_Middleware/System/Timestamp/sys_timestamp.cpp:74:6:void Namespace_SYS_Timestamp::Delay_Second(const uint32_t&)	72	static
D:/A New RM/2027_HeroProject/Hero_2027/User_Files/1_Middleware/System/Timestamp/sys_timestamp.cpp:88:6:void Namespace_SYS_Timestamp::Delay_Millisecond(const uint32_t&)	64	static
D:/A New RM/2027_HeroProject/Hero_2027/User_Files/1_Middleware/System/Timestamp/sys_timestamp.cpp:102:6:void Namespace_SYS_Timestamp::Delay_Microsecond(const uint32_t&)	40	static
D:/A New RM/2027_HeroProject/Hero_2027/User_Files/1_Middleware/System/Timestamp/sys_timestamp.cpp:109:1:void __static_initialization_and_destruction_0()	8	static
D:/A New RM/2027_HeroProject/Hero_2027/User_Files/1_Middleware/System/Timestamp/sys_timestamp.cpp:109:1:cpp)	8	static
