D:/A New RM/2027_HeroProject/Hero_2027/User_Files/1_Middleware/System/Timestamp/sys_timestamp.c:38:6:Timestamp_Init	16	static
D:/A New RM/2027_HeroProject/Hero_2027/User_Files/1_Middleware/System/Timestamp/sys_timestamp.c:47:6:Timestamp_TIM_3600s_PeriodElapsedCallback	4	static
D:/A New RM/2027_HeroProject/Hero_2027/User_Files/1_Middleware/System/Timestamp/sys_timestamp.c:57:17:Timestamp_Calculate	32	static
D:/A New RM/2027_HeroProject/Hero_2027/User_Files/1_Middleware/System/Timestamp/sys_timestamp.c:69:10:Timestamp_Get_Current_Timestamp	8	static
D:/A New RM/2027_HeroProject/Hero_2027/User_Files/1_Middleware/System/Timestamp/sys_timestamp.c:74:7:Timestamp_Get_Now_Second	8	static
D:/A New RM/2027_HeroProject/Hero_2027/User_Files/1_Middleware/System/Timestamp/sys_timestamp.c:79:7:Timestamp_Get_Now_Millisecond	8	static
D:/A New RM/2027_HeroProject/Hero_2027/User_Files/1_Middleware/System/Timestamp/sys_timestamp.c:84:10:Timestamp_Get_Now_Microsecond	8	static
D:/A New RM/2027_HeroProject/Hero_2027/User_Files/1_Middleware/System/Timestamp/sys_timestamp.c:94:6:Timestamp_Delay_Second	72	static
D:/A New RM/2027_HeroProject/Hero_2027/User_Files/1_Middleware/System/Timestamp/sys_timestamp.c:108:6:Timestamp_Delay_Millisecond	64	static
D:/A New RM/2027_HeroProject/Hero_2027/User_Files/1_Middleware/System/Timestamp/sys_timestamp.c:122:6:Timestamp_Delay_Microsecond	40	static
